<?xml version="1.0"?>
<link_info>
   <banner>MSP430 Linker PC v4.2.1</banner>
   <copyright>Copyright (c) 2003-2013 Texas Instruments Incorporated</copyright>
   <link_time>0x57057033</link_time>
   <link_errors>0x0</link_errors>
   <output_file>scott_crossen_224_lab_10.out</output_file>
   <entry_point>
      <name>_c_int00</name>
      <address>0xb258</address>
   </entry_point>
   <input_file_list>
      <input_file id="fl-2">
         <path>.\</path>
         <kind>object</kind>
         <file>snakelib.obj</file>
         <name>snakelib.obj</name>
      </input_file>
      <input_file id="fl-3">
         <path>.\</path>
         <kind>object</kind>
         <file>snake_interrupts.obj</file>
         <name>snake_interrupts.obj</name>
      </input_file>
      <input_file id="fl-4">
         <path>.\</path>
         <kind>object</kind>
         <file>snake_images.obj</file>
         <name>snake_images.obj</name>
      </input_file>
      <input_file id="fl-5">
         <path>.\</path>
         <kind>object</kind>
         <file>snake_events.obj</file>
         <name>snake_events.obj</name>
      </input_file>
      <input_file id="fl-6">
         <path>.\</path>
         <kind>object</kind>
         <file>snake.obj</file>
         <name>snake.obj</name>
      </input_file>
      <input_file id="fl-7">
         <path>.\</path>
         <kind>object</kind>
         <file>pthreadsISR.obj</file>
         <name>pthreadsISR.obj</name>
      </input_file>
      <input_file id="fl-8">
         <path>.\</path>
         <kind>object</kind>
         <file>pthreads.obj</file>
         <name>pthreads.obj</name>
      </input_file>
      <input_file id="fl-9">
         <path>.\</path>
         <kind>object</kind>
         <file>RBX430_lcd.obj</file>
         <name>RBX430_lcd.obj</name>
      </input_file>
      <input_file id="fl-a">
         <path>.\</path>
         <kind>object</kind>
         <file>RBX430_i2c.obj</file>
         <name>RBX430_i2c.obj</name>
      </input_file>
      <input_file id="fl-b">
         <path>.\</path>
         <kind>object</kind>
         <file>RBX430-1.obj</file>
         <name>RBX430-1.obj</name>
      </input_file>
      <input_file id="fl-25">
         <path>C:\ti\ccsv5\tools\compiler\msp430_4.2.1\lib\</path>
         <kind>archive</kind>
         <file>rts430.lib</file>
         <name>boot.obj</name>
      </input_file>
      <input_file id="fl-26">
         <path>C:\ti\ccsv5\tools\compiler\msp430_4.2.1\lib\</path>
         <kind>archive</kind>
         <file>rts430.lib</file>
         <name>copy_decompress_none.obj</name>
      </input_file>
      <input_file id="fl-27">
         <path>C:\ti\ccsv5\tools\compiler\msp430_4.2.1\lib\</path>
         <kind>archive</kind>
         <file>rts430.lib</file>
         <name>copy_decompress_rle.obj</name>
      </input_file>
      <input_file id="fl-28">
         <path>C:\ti\ccsv5\tools\compiler\msp430_4.2.1\lib\</path>
         <kind>archive</kind>
         <file>rts430.lib</file>
         <name>copy_zero_init.obj</name>
      </input_file>
      <input_file id="fl-29">
         <path>C:\ti\ccsv5\tools\compiler\msp430_4.2.1\lib\</path>
         <kind>archive</kind>
         <file>rts430.lib</file>
         <name>div16s.obj</name>
      </input_file>
      <input_file id="fl-2a">
         <path>C:\ti\ccsv5\tools\compiler\msp430_4.2.1\lib\</path>
         <kind>archive</kind>
         <file>rts430.lib</file>
         <name>div16u.obj</name>
      </input_file>
      <input_file id="fl-2b">
         <path>C:\ti\ccsv5\tools\compiler\msp430_4.2.1\lib\</path>
         <kind>archive</kind>
         <file>rts430.lib</file>
         <name>epilog.obj</name>
      </input_file>
      <input_file id="fl-2c">
         <path>C:\ti\ccsv5\tools\compiler\msp430_4.2.1\lib\</path>
         <kind>archive</kind>
         <file>rts430.lib</file>
         <name>exit.obj</name>
      </input_file>
      <input_file id="fl-2d">
         <path>C:\ti\ccsv5\tools\compiler\msp430_4.2.1\lib\</path>
         <kind>archive</kind>
         <file>rts430.lib</file>
         <name>int03.obj</name>
      </input_file>
      <input_file id="fl-2e">
         <path>C:\ti\ccsv5\tools\compiler\msp430_4.2.1\lib\</path>
         <kind>archive</kind>
         <file>rts430.lib</file>
         <name>int06.obj</name>
      </input_file>
      <input_file id="fl-2f">
         <path>C:\ti\ccsv5\tools\compiler\msp430_4.2.1\lib\</path>
         <kind>archive</kind>
         <file>rts430.lib</file>
         <name>int07.obj</name>
      </input_file>
      <input_file id="fl-30">
         <path>C:\ti\ccsv5\tools\compiler\msp430_4.2.1\lib\</path>
         <kind>archive</kind>
         <file>rts430.lib</file>
         <name>int09.obj</name>
      </input_file>
      <input_file id="fl-31">
         <path>C:\ti\ccsv5\tools\compiler\msp430_4.2.1\lib\</path>
         <kind>archive</kind>
         <file>rts430.lib</file>
         <name>int12.obj</name>
      </input_file>
      <input_file id="fl-32">
         <path>C:\ti\ccsv5\tools\compiler\msp430_4.2.1\lib\</path>
         <kind>archive</kind>
         <file>rts430.lib</file>
         <name>int13.obj</name>
      </input_file>
      <input_file id="fl-33">
         <path>C:\ti\ccsv5\tools\compiler\msp430_4.2.1\lib\</path>
         <kind>archive</kind>
         <file>rts430.lib</file>
         <name>int14.obj</name>
      </input_file>
      <input_file id="fl-34">
         <path>C:\ti\ccsv5\tools\compiler\msp430_4.2.1\lib\</path>
         <kind>archive</kind>
         <file>rts430.lib</file>
         <name>lsl16.obj</name>
      </input_file>
      <input_file id="fl-35">
         <path>C:\ti\ccsv5\tools\compiler\msp430_4.2.1\lib\</path>
         <kind>archive</kind>
         <file>rts430.lib</file>
         <name>lsr16.obj</name>
      </input_file>
      <input_file id="fl-36">
         <path>C:\ti\ccsv5\tools\compiler\msp430_4.2.1\lib\</path>
         <kind>archive</kind>
         <file>rts430.lib</file>
         <name>lsr32.obj</name>
      </input_file>
      <input_file id="fl-37">
         <path>C:\ti\ccsv5\tools\compiler\msp430_4.2.1\lib\</path>
         <kind>archive</kind>
         <file>rts430.lib</file>
         <name>memcpy.obj</name>
      </input_file>
      <input_file id="fl-38">
         <path>C:\ti\ccsv5\tools\compiler\msp430_4.2.1\lib\</path>
         <kind>archive</kind>
         <file>rts430.lib</file>
         <name>memory.obj</name>
      </input_file>
      <input_file id="fl-39">
         <path>C:\ti\ccsv5\tools\compiler\msp430_4.2.1\lib\</path>
         <kind>archive</kind>
         <file>rts430.lib</file>
         <name>memset.obj</name>
      </input_file>
      <input_file id="fl-3a">
         <path>C:\ti\ccsv5\tools\compiler\msp430_4.2.1\lib\</path>
         <kind>archive</kind>
         <file>rts430.lib</file>
         <name>mult16.obj</name>
      </input_file>
      <input_file id="fl-3b">
         <path>C:\ti\ccsv5\tools\compiler\msp430_4.2.1\lib\</path>
         <kind>archive</kind>
         <file>rts430.lib</file>
         <name>pre_init.obj</name>
      </input_file>
      <input_file id="fl-3c">
         <path>C:\ti\ccsv5\tools\compiler\msp430_4.2.1\lib\</path>
         <kind>archive</kind>
         <file>rts430.lib</file>
         <name>rand.obj</name>
      </input_file>
      <input_file id="fl-3d">
         <path>C:\ti\ccsv5\tools\compiler\msp430_4.2.1\lib\</path>
         <kind>archive</kind>
         <file>rts430.lib</file>
         <name>setjmp.obj</name>
      </input_file>
      <input_file id="fl-3e">
         <path>C:\ti\ccsv5\tools\compiler\msp430_4.2.1\lib\</path>
         <kind>archive</kind>
         <file>rts430.lib</file>
         <name>strlen.obj</name>
      </input_file>
      <input_file id="fl-3f">
         <path>C:\ti\ccsv5\tools\compiler\msp430_4.2.1\lib\</path>
         <kind>archive</kind>
         <file>rts430.lib</file>
         <name>_lock.obj</name>
      </input_file>
      <input_file id="fl-40">
         <path>C:\ti\ccsv5\tools\compiler\msp430_4.2.1\lib\</path>
         <kind>archive</kind>
         <file>rts430.lib</file>
         <name>args_main.obj</name>
      </input_file>
      <input_file id="fl-41">
         <path>C:\ti\ccsv5\tools\compiler\msp430_4.2.1\lib\</path>
         <kind>archive</kind>
         <file>rts430.lib</file>
         <name>autoinit.obj</name>
      </input_file>
      <input_file id="fl-42">
         <path>C:\ti\ccsv5\tools\compiler\msp430_4.2.1\lib\</path>
         <kind>archive</kind>
         <file>rts430.lib</file>
         <name>mult32.obj</name>
      </input_file>
   </input_file_list>
   <object_component_list>
      <object_component id="oc-3d">
         <name>.bss</name>
         <uninitialized>true</uninitialized>
         <run_address>0x556</run_address>
         <size>0xe</size>
         <input_file_ref idref="fl-3"/>
      </object_component>
      <object_component id="oc-44">
         <name>.bss</name>
         <uninitialized>true</uninitialized>
         <run_address>0x3d0</run_address>
         <size>0x12a</size>
         <input_file_ref idref="fl-5"/>
      </object_component>
      <object_component id="oc-4a">
         <name>.bss</name>
         <uninitialized>true</uninitialized>
         <run_address>0x51c</run_address>
         <size>0x22</size>
         <input_file_ref idref="fl-6"/>
      </object_component>
      <object_component id="oc-53">
         <name>.bss</name>
         <uninitialized>true</uninitialized>
         <run_address>0x4fa</run_address>
         <size>0x22</size>
         <input_file_ref idref="fl-8"/>
      </object_component>
      <object_component id="oc-58">
         <name>.bss</name>
         <uninitialized>true</uninitialized>
         <run_address>0x56c</run_address>
         <size>0x6</size>
         <input_file_ref idref="fl-9"/>
      </object_component>
      <object_component id="oc-5d">
         <name>.bss</name>
         <uninitialized>true</uninitialized>
         <run_address>0x53e</run_address>
         <size>0x18</size>
         <input_file_ref idref="fl-a"/>
      </object_component>
      <object_component id="oc-62">
         <name>.bss</name>
         <uninitialized>true</uninitialized>
         <run_address>0x57e</run_address>
         <size>0x2</size>
         <input_file_ref idref="fl-b"/>
      </object_component>
      <object_component id="oc-67">
         <name>.bss</name>
         <uninitialized>true</uninitialized>
         <run_address>0x576</run_address>
         <size>0x4</size>
         <input_file_ref idref="fl-25"/>
      </object_component>
      <object_component id="oc-98">
         <name>.bss</name>
         <uninitialized>true</uninitialized>
         <run_address>0x564</run_address>
         <size>0x8</size>
         <input_file_ref idref="fl-38"/>
      </object_component>
      <object_component id="oc-ab">
         <name>.bss</name>
         <uninitialized>true</uninitialized>
         <run_address>0x57a</run_address>
         <size>0x4</size>
         <input_file_ref idref="fl-3c"/>
      </object_component>
      <object_component id="oc-b9">
         <name>.bss</name>
         <uninitialized>true</uninitialized>
         <run_address>0x572</run_address>
         <size>0x4</size>
         <input_file_ref idref="fl-3f"/>
      </object_component>
      <object_component id="oc-9b">
         <name>.sysmem</name>
         <uninitialized>true</uninitialized>
         <run_address>0x200</run_address>
         <size>0x4</size>
         <input_file_ref idref="fl-38"/>
      </object_component>
      <object_component id="oc-162">
         <name>.sysmem</name>
         <uninitialized>true</uninitialized>
         <run_address>0x200</run_address>
         <size>0x0</size>
      </object_component>
      <object_component id="oc-69">
         <name>.stack</name>
         <uninitialized>true</uninitialized>
         <run_address>0x580</run_address>
         <size>0x2</size>
         <input_file_ref idref="fl-25"/>
      </object_component>
      <object_component id="oc-161">
         <name>.stack</name>
         <uninitialized>true</uninitialized>
         <run_address>0x580</run_address>
         <size>0x0</size>
      </object_component>
      <object_component id="oc-e1">
         <name>.text:MOVE_SNAKE_event</name>
         <load_address>0x8000</load_address>
         <run_address>0x8000</run_address>
         <size>0x31a</size>
         <input_file_ref idref="fl-5"/>
      </object_component>
      <object_component id="oc-e3">
         <name>.text:LCD_UPDATE_event</name>
         <load_address>0x831a</load_address>
         <run_address>0x831a</run_address>
         <size>0x2b8</size>
         <input_file_ref idref="fl-5"/>
      </object_component>
      <object_component id="oc-e7">
         <name>.text:START_LEVEL_event</name>
         <load_address>0x85d2</load_address>
         <run_address>0x85d2</run_address>
         <size>0x2ae</size>
         <input_file_ref idref="fl-5"/>
      </object_component>
      <object_component id="oc-fe">
         <name>.text:lcd_point</name>
         <load_address>0x8880</load_address>
         <run_address>0x8880</run_address>
         <size>0x246</size>
         <input_file_ref idref="fl-9"/>
      </object_component>
      <object_component id="oc-117">
         <name>.text:my_printfi</name>
         <load_address>0x8ac6</load_address>
         <run_address>0x8ac6</run_address>
         <size>0x244</size>
         <input_file_ref idref="fl-9"/>
      </object_component>
      <object_component id="oc-e4">
         <name>.text:NEXT_LEVEL_event</name>
         <load_address>0x8d0a</load_address>
         <run_address>0x8d0a</run_address>
         <size>0x214</size>
         <input_file_ref idref="fl-5"/>
      </object_component>
      <object_component id="oc-e6">
         <name>.text:END_GAME_event</name>
         <load_address>0x8f1e</load_address>
         <run_address>0x8f1e</run_address>
         <size>0x20e</size>
         <input_file_ref idref="fl-5"/>
      </object_component>
      <object_component id="oc-103">
         <name>.text:create_bonus</name>
         <load_address>0x912c</load_address>
         <run_address>0x912c</run_address>
         <size>0x1ce</size>
         <input_file_ref idref="fl-5"/>
      </object_component>
      <object_component id="oc-f9">
         <name>.text:create_food</name>
         <load_address>0x92fa</load_address>
         <run_address>0x92fa</run_address>
         <size>0x1b4</size>
         <input_file_ref idref="fl-5"/>
      </object_component>
      <object_component id="oc-e5">
         <name>.text:NEW_GAME_event</name>
         <load_address>0x94ae</load_address>
         <run_address>0x94ae</run_address>
         <size>0x194</size>
         <input_file_ref idref="fl-5"/>
      </object_component>
      <object_component id="oc-fd">
         <name>.text:add_head</name>
         <load_address>0x9642</load_address>
         <run_address>0x9642</run_address>
         <size>0x18e</size>
         <input_file_ref idref="fl-2"/>
      </object_component>
      <object_component id="oc-d1">
         <name>.text:main</name>
         <load_address>0x97d0</load_address>
         <run_address>0x97d0</run_address>
         <size>0x18a</size>
         <input_file_ref idref="fl-6"/>
      </object_component>
      <object_component id="oc-d9">
         <name>.text:lcd_init</name>
         <load_address>0x995a</load_address>
         <run_address>0x995a</run_address>
         <size>0x186</size>
         <input_file_ref idref="fl-9"/>
      </object_component>
      <object_component id="oc-d3">
         <name>.text:ERROR2</name>
         <load_address>0x9ae0</load_address>
         <run_address>0x9ae0</run_address>
         <size>0x178</size>
         <input_file_ref idref="fl-b"/>
      </object_component>
      <object_component id="oc-10c">
         <name>.text:lcd_circle</name>
         <load_address>0x9c58</load_address>
         <run_address>0x9c58</run_address>
         <size>0x15a</size>
         <input_file_ref idref="fl-9"/>
      </object_component>
      <object_component id="oc-101">
         <name>.text:lcd_putchar</name>
         <load_address>0x9db2</load_address>
         <run_address>0x9db2</run_address>
         <size>0x132</size>
         <input_file_ref idref="fl-9"/>
      </object_component>
      <object_component id="oc-118">
         <name>.text:draw_food</name>
         <load_address>0x9ee4</load_address>
         <run_address>0x9ee4</run_address>
         <size>0x10a</size>
         <input_file_ref idref="fl-5"/>
      </object_component>
      <object_component id="oc-108">
         <name>.text:lcd_wordImage</name>
         <load_address>0x9fee</load_address>
         <run_address>0x9fee</run_address>
         <size>0xd4</size>
         <input_file_ref idref="fl-9"/>
      </object_component>
      <object_component id="oc-cd">
         <name>.text:WDT_ISR</name>
         <load_address>0xa0c2</load_address>
         <run_address>0xa0c2</run_address>
         <size>0xd0</size>
         <input_file_ref idref="fl-3"/>
      </object_component>
      <object_component id="oc-d8">
         <name>.text:RBX430_init</name>
         <load_address>0xa192</load_address>
         <run_address>0xa192</run_address>
         <size>0xc0</size>
         <input_file_ref idref="fl-b"/>
      </object_component>
      <object_component id="oc-10b">
         <name>.text:lcd_star</name>
         <load_address>0xa252</load_address>
         <run_address>0xa252</run_address>
         <size>0xa8</size>
         <input_file_ref idref="fl-9"/>
      </object_component>
      <object_component id="oc-ff">
         <name>.text:malloc</name>
         <load_address>0xa2fa</load_address>
         <run_address>0xa2fa</run_address>
         <size>0xa8</size>
         <input_file_ref idref="fl-38"/>
      </object_component>
      <object_component id="oc-e8">
         <name>.text:SWITCH_4_event</name>
         <load_address>0xa3a2</load_address>
         <run_address>0xa3a2</run_address>
         <size>0xa6</size>
         <input_file_ref idref="fl-5"/>
      </object_component>
      <object_component id="oc-e2">
         <name>.text:pthread_create</name>
         <load_address>0xa448</load_address>
         <run_address>0xa448</run_address>
         <size>0xa6</size>
         <input_file_ref idref="fl-8"/>
      </object_component>
      <object_component id="oc-10a">
         <name>.text:lcd_diamond</name>
         <load_address>0xa4ee</load_address>
         <run_address>0xa4ee</run_address>
         <size>0x94</size>
         <input_file_ref idref="fl-9"/>
      </object_component>
      <object_component id="oc-124">
         <name>.text:lcd_rectangle</name>
         <load_address>0xa582</load_address>
         <run_address>0xa582</run_address>
         <size>0x88</size>
         <input_file_ref idref="fl-9"/>
      </object_component>
      <object_component id="oc-4f">
         <name>.text</name>
         <load_address>0xa60a</load_address>
         <run_address>0xa60a</run_address>
         <size>0x88</size>
         <input_file_ref idref="fl-7"/>
      </object_component>
      <object_component id="oc-105">
         <name>.text:free</name>
         <load_address>0xa692</load_address>
         <run_address>0xa692</run_address>
         <size>0x80</size>
         <input_file_ref idref="fl-38"/>
      </object_component>
      <object_component id="oc-10d">
         <name>.text:lcd_triangle</name>
         <load_address>0xa712</load_address>
         <run_address>0xa712</run_address>
         <size>0x7e</size>
         <input_file_ref idref="fl-9"/>
      </object_component>
      <object_component id="oc-dd">
         <name>.text:pthread_init</name>
         <load_address>0xa790</load_address>
         <run_address>0xa790</run_address>
         <size>0x7a</size>
         <input_file_ref idref="fl-8"/>
      </object_component>
      <object_component id="oc-fc">
         <name>.text:pthread_mutex_unlock</name>
         <load_address>0xa80a</load_address>
         <run_address>0xa80a</run_address>
         <size>0x70</size>
         <input_file_ref idref="fl-8"/>
      </object_component>
      <object_component id="oc-eb">
         <name>.text:SWITCH_1_event</name>
         <load_address>0xa87a</load_address>
         <run_address>0xa87a</run_address>
         <size>0x64</size>
         <input_file_ref idref="fl-5"/>
      </object_component>
      <object_component id="oc-100">
         <name>.text:pthread_exit</name>
         <load_address>0xa8de</load_address>
         <run_address>0xa8de</run_address>
         <size>0x60</size>
         <input_file_ref idref="fl-8"/>
      </object_component>
      <object_component id="oc-128">
         <name>.text:i2c_read</name>
         <load_address>0xa93e</load_address>
         <run_address>0xa93e</run_address>
         <size>0x5e</size>
         <input_file_ref idref="fl-a"/>
      </object_component>
      <object_component id="oc-122">
         <name>.text:lcd_WD</name>
         <load_address>0xa99c</load_address>
         <run_address>0xa99c</run_address>
         <size>0x5e</size>
         <input_file_ref idref="fl-9"/>
      </object_component>
      <object_component id="oc-b1">
         <name>.text</name>
         <load_address>0xa9fa</load_address>
         <run_address>0xa9fa</run_address>
         <size>0x58</size>
         <input_file_ref idref="fl-3d"/>
      </object_component>
      <object_component id="oc-132">
         <name>.text:i2c_start_address</name>
         <load_address>0xaa52</load_address>
         <run_address>0xaa52</run_address>
         <size>0x4c</size>
         <input_file_ref idref="fl-a"/>
      </object_component>
      <object_component id="oc-8d">
         <name>.text</name>
         <load_address>0xaa9e</load_address>
         <run_address>0xaa9e</run_address>
         <size>0x4c</size>
         <input_file_ref idref="fl-35"/>
      </object_component>
      <object_component id="oc-fa">
         <name>.text:delete_tail</name>
         <load_address>0xaaea</load_address>
         <run_address>0xaaea</run_address>
         <size>0x4a</size>
         <input_file_ref idref="fl-2"/>
      </object_component>
      <object_component id="oc-123">
         <name>.text:lcd_WD2</name>
         <load_address>0xab34</load_address>
         <run_address>0xab34</run_address>
         <size>0x4a</size>
         <input_file_ref idref="fl-9"/>
      </object_component>
      <object_component id="oc-f4">
         <name>.text:pthread_mutex_lock</name>
         <load_address>0xab7e</load_address>
         <run_address>0xab7e</run_address>
         <size>0x4a</size>
         <input_file_ref idref="fl-8"/>
      </object_component>
      <object_component id="oc-d4">
         <name>.text:sem_signal</name>
         <load_address>0xabc8</load_address>
         <run_address>0xabc8</run_address>
         <size>0x4a</size>
         <input_file_ref idref="fl-8"/>
      </object_component>
      <object_component id="oc-d0">
         <name>.text:_auto_init</name>
         <load_address>0xac12</load_address>
         <run_address>0xac12</run_address>
         <size>0x48</size>
         <input_file_ref idref="fl-41"/>
      </object_component>
      <object_component id="oc-133">
         <name>.text:i2c_out8bits</name>
         <load_address>0xac5a</load_address>
         <run_address>0xac5a</run_address>
         <size>0x48</size>
         <input_file_ref idref="fl-a"/>
      </object_component>
      <object_component id="oc-ed">
         <name>.text:DelayMs</name>
         <load_address>0xaca2</load_address>
         <run_address>0xaca2</run_address>
         <size>0x46</size>
         <input_file_ref idref="fl-9"/>
      </object_component>
      <object_component id="oc-e9">
         <name>.text:SWITCH_3_event</name>
         <load_address>0xace8</load_address>
         <run_address>0xace8</run_address>
         <size>0x46</size>
         <input_file_ref idref="fl-5"/>
      </object_component>
      <object_component id="oc-ea">
         <name>.text:SWITCH_2_event</name>
         <load_address>0xad2e</load_address>
         <run_address>0xad2e</run_address>
         <size>0x44</size>
         <input_file_ref idref="fl-5"/>
      </object_component>
      <object_component id="oc-10f">
         <name>.text:FRAM_read</name>
         <load_address>0xad72</load_address>
         <run_address>0xad72</run_address>
         <size>0x42</size>
         <input_file_ref idref="fl-a"/>
      </object_component>
      <object_component id="oc-112">
         <name>.text:FRAM_write</name>
         <load_address>0xadb4</load_address>
         <run_address>0xadb4</run_address>
         <size>0x40</size>
         <input_file_ref idref="fl-a"/>
      </object_component>
      <object_component id="oc-12c">
         <name>.text:outTone</name>
         <load_address>0xadf4</load_address>
         <run_address>0xadf4</run_address>
         <size>0x40</size>
         <input_file_ref idref="fl-2"/>
      </object_component>
      <object_component id="oc-f3">
         <name>.text:sem_wait</name>
         <load_address>0xae34</load_address>
         <run_address>0xae34</run_address>
         <size>0x40</size>
         <input_file_ref idref="fl-8"/>
      </object_component>
      <object_component id="oc-106">
         <name>.text:new_snake</name>
         <load_address>0xae74</load_address>
         <run_address>0xae74</run_address>
         <size>0x3e</size>
         <input_file_ref idref="fl-2"/>
      </object_component>
      <object_component id="oc-11b">
         <name>.text:ReadDataWord</name>
         <load_address>0xaeb2</load_address>
         <run_address>0xaeb2</run_address>
         <size>0x38</size>
         <input_file_ref idref="fl-9"/>
      </object_component>
      <object_component id="oc-120">
         <name>.text:minit</name>
         <load_address>0xaeea</load_address>
         <run_address>0xaeea</run_address>
         <size>0x38</size>
         <input_file_ref idref="fl-38"/>
      </object_component>
      <object_component id="oc-fb">
         <name>.text:rand</name>
         <load_address>0xaf22</load_address>
         <run_address>0xaf22</run_address>
         <size>0x38</size>
         <input_file_ref idref="fl-3c"/>
      </object_component>
      <object_component id="oc-10e">
         <name>.text:FRAM_init</name>
         <load_address>0xaf5a</load_address>
         <run_address>0xaf5a</run_address>
         <size>0x36</size>
         <input_file_ref idref="fl-a"/>
      </object_component>
      <object_component id="oc-127">
         <name>.text:i2c_write</name>
         <load_address>0xaf90</load_address>
         <run_address>0xaf90</run_address>
         <size>0x36</size>
         <input_file_ref idref="fl-a"/>
      </object_component>
      <object_component id="oc-11f">
         <name>.text:WriteDataWord</name>
         <load_address>0xafc6</load_address>
         <run_address>0xafc6</run_address>
         <size>0x34</size>
         <input_file_ref idref="fl-9"/>
      </object_component>
      <object_component id="oc-119">
         <name>.text:lcd_set_x_y</name>
         <load_address>0xaffa</load_address>
         <run_address>0xaffa</run_address>
         <size>0x34</size>
         <input_file_ref idref="fl-9"/>
      </object_component>
      <object_component id="oc-115">
         <name>.text:draw_rock</name>
         <load_address>0xb02e</load_address>
         <run_address>0xb02e</run_address>
         <size>0x32</size>
         <input_file_ref idref="fl-5"/>
      </object_component>
      <object_component id="oc-12a">
         <name>.text:doDitty</name>
         <load_address>0xb060</load_address>
         <run_address>0xb060</run_address>
         <size>0x30</size>
         <input_file_ref idref="fl-2"/>
      </object_component>
      <object_component id="oc-125">
         <name>.text:draw_bonus</name>
         <load_address>0xb090</load_address>
         <run_address>0xb090</run_address>
         <size>0x30</size>
         <input_file_ref idref="fl-5"/>
      </object_component>
      <object_component id="oc-116">
         <name>.text:draw_hole</name>
         <load_address>0xb0c0</load_address>
         <run_address>0xb0c0</run_address>
         <size>0x30</size>
         <input_file_ref idref="fl-5"/>
      </object_component>
      <object_component id="oc-134">
         <name>.text:i2c_out_stop</name>
         <load_address>0xb0f0</load_address>
         <run_address>0xb0f0</run_address>
         <size>0x30</size>
         <input_file_ref idref="fl-a"/>
      </object_component>
      <object_component id="oc-f7">
         <name>.text:lcd_cursor</name>
         <load_address>0xb120</load_address>
         <run_address>0xb120</run_address>
         <size>0x30</size>
         <input_file_ref idref="fl-9"/>
      </object_component>
      <object_component id="oc-126">
         <name>.text:lcd_set</name>
         <load_address>0xb150</load_address>
         <run_address>0xb150</run_address>
         <size>0x2e</size>
         <input_file_ref idref="fl-9"/>
      </object_component>
      <object_component id="oc-da">
         <name>.text:port1_init</name>
         <load_address>0xb17e</load_address>
         <run_address>0xb17e</run_address>
         <size>0x2e</size>
         <input_file_ref idref="fl-3"/>
      </object_component>
      <object_component id="oc-cb">
         <name>.text:ISR_trap</name>
         <load_address>0xb1ac</load_address>
         <run_address>0xb1ac</run_address>
         <size>0x2c</size>
         <input_file_ref idref="fl-b"/>
      </object_component>
      <object_component id="oc-7a">
         <name>.text</name>
         <load_address>0xb1d8</load_address>
         <run_address>0xb1d8</run_address>
         <size>0x2c</size>
         <input_file_ref idref="fl-29"/>
      </object_component>
      <object_component id="oc-89">
         <name>.text</name>
         <load_address>0xb204</load_address>
         <run_address>0xb204</run_address>
         <size>0x2c</size>
         <input_file_ref idref="fl-34"/>
      </object_component>
      <object_component id="oc-e0">
         <name>.text:pthread_mutex_init</name>
         <load_address>0xb230</load_address>
         <run_address>0xb230</run_address>
         <size>0x28</size>
         <input_file_ref idref="fl-8"/>
      </object_component>
      <object_component id="oc-38">
         <name>.text:_c_int00_noexit</name>
         <load_address>0xb258</load_address>
         <run_address>0xb258</run_address>
         <size>0x26</size>
         <input_file_ref idref="fl-25"/>
      </object_component>
      <object_component id="oc-c6">
         <name>.text</name>
         <load_address>0xb27e</load_address>
         <run_address>0xb27e</run_address>
         <size>0x26</size>
         <input_file_ref idref="fl-42"/>
      </object_component>
      <object_component id="oc-136">
         <name>.text:i2c_clockhigh</name>
         <load_address>0xb2a4</load_address>
         <run_address>0xb2a4</run_address>
         <size>0x24</size>
         <input_file_ref idref="fl-a"/>
      </object_component>
      <object_component id="oc-135">
         <name>.text:i2c_clocklow</name>
         <load_address>0xb2c8</load_address>
         <run_address>0xb2c8</run_address>
         <size>0x24</size>
         <input_file_ref idref="fl-a"/>
      </object_component>
      <object_component id="oc-f8">
         <name>.text:lcd_printf</name>
         <load_address>0xb2ec</load_address>
         <run_address>0xb2ec</run_address>
         <size>0x24</size>
         <input_file_ref idref="fl-9"/>
      </object_component>
      <object_component id="oc-dc">
         <name>.text:watchdog_init</name>
         <load_address>0xb310</load_address>
         <run_address>0xb310</run_address>
         <size>0x24</size>
         <input_file_ref idref="fl-3"/>
      </object_component>
      <object_component id="oc-de">
         <name>.text:semaphore_create</name>
         <load_address>0xb334</load_address>
         <run_address>0xb334</run_address>
         <size>0x22</size>
         <input_file_ref idref="fl-8"/>
      </object_component>
      <object_component id="oc-11a">
         <name>.text:ReadData</name>
         <load_address>0xb356</load_address>
         <run_address>0xb356</run_address>
         <size>0x20</size>
         <input_file_ref idref="fl-9"/>
      </object_component>
      <object_component id="oc-102">
         <name>.text:lcd_square</name>
         <load_address>0xb376</load_address>
         <run_address>0xb376</run_address>
         <size>0x20</size>
         <input_file_ref idref="fl-9"/>
      </object_component>
      <object_component id="oc-ee">
         <name>.text:WriteCmd</name>
         <load_address>0xb396</load_address>
         <run_address>0xb396</run_address>
         <size>0x1e</size>
         <input_file_ref idref="fl-9"/>
      </object_component>
      <object_component id="oc-ef">
         <name>.text:WriteData</name>
         <load_address>0xb3b4</load_address>
         <run_address>0xb3b4</run_address>
         <size>0x1e</size>
         <input_file_ref idref="fl-9"/>
      </object_component>
      <object_component id="oc-df">
         <name>.text:sem_trywait</name>
         <load_address>0xb3d2</load_address>
         <run_address>0xb3d2</run_address>
         <size>0x1c</size>
         <input_file_ref idref="fl-8"/>
      </object_component>
      <object_component id="oc-db">
         <name>.text:timerB_init</name>
         <load_address>0xb3ee</load_address>
         <run_address>0xb3ee</run_address>
         <size>0x1a</size>
         <input_file_ref idref="fl-2"/>
      </object_component>
      <object_component id="oc-137">
         <name>.text:i2c_out_bit</name>
         <load_address>0xb408</load_address>
         <run_address>0xb408</run_address>
         <size>0x18</size>
         <input_file_ref idref="fl-a"/>
      </object_component>
      <object_component id="oc-f1">
         <name>.text:init_stack</name>
         <load_address>0xb420</load_address>
         <run_address>0xb420</run_address>
         <size>0x18</size>
         <input_file_ref idref="fl-8"/>
      </object_component>
      <object_component id="oc-ca">
         <name>.text:Port_1_ISR</name>
         <load_address>0xb438</load_address>
         <run_address>0xb438</run_address>
         <size>0x16</size>
         <input_file_ref idref="fl-3"/>
      </object_component>
      <object_component id="oc-7e">
         <name>.text</name>
         <load_address>0xb44e</load_address>
         <run_address>0xb44e</run_address>
         <size>0x16</size>
         <input_file_ref idref="fl-2a"/>
      </object_component>
      <object_component id="oc-f5">
         <name>.text:beep</name>
         <load_address>0xb464</load_address>
         <run_address>0xb464</run_address>
         <size>0x14</size>
         <input_file_ref idref="fl-2"/>
      </object_component>
      <object_component id="oc-d5">
         <name>.text:lcd_backlight</name>
         <load_address>0xb478</load_address>
         <run_address>0xb478</run_address>
         <size>0x14</size>
         <input_file_ref idref="fl-9"/>
      </object_component>
      <object_component id="oc-f0">
         <name>.text:memset</name>
         <load_address>0xb48c</load_address>
         <run_address>0xb48c</run_address>
         <size>0x14</size>
         <input_file_ref idref="fl-39"/>
      </object_component>
      <object_component id="oc-a3">
         <name>.text</name>
         <load_address>0xb4a0</load_address>
         <run_address>0xb4a0</run_address>
         <size>0x14</size>
         <input_file_ref idref="fl-3a"/>
      </object_component>
      <object_component id="oc-f2">
         <name>.text:timerA_init</name>
         <load_address>0xb4b4</load_address>
         <run_address>0xb4b4</run_address>
         <size>0x14</size>
         <input_file_ref idref="fl-8"/>
      </object_component>
      <object_component id="oc-12e">
         <name>.text:l_lsr</name>
         <load_address>0xb4c8</load_address>
         <run_address>0xb4c8</run_address>
         <size>0x12</size>
         <input_file_ref idref="fl-36"/>
      </object_component>
      <object_component id="oc-d6">
         <name>.text:memcpy</name>
         <load_address>0xb4da</load_address>
         <run_address>0xb4da</run_address>
         <size>0x12</size>
         <input_file_ref idref="fl-37"/>
      </object_component>
      <object_component id="oc-d7">
         <name>.text</name>
         <load_address>0xb4ec</load_address>
         <run_address>0xb4ec</run_address>
         <size>0x10</size>
         <input_file_ref idref="fl-2b"/>
      </object_component>
      <object_component id="oc-110">
         <name>.text:charge</name>
         <load_address>0xb4fc</load_address>
         <run_address>0xb4fc</run_address>
         <size>0xe</size>
         <input_file_ref idref="fl-2"/>
      </object_component>
      <object_component id="oc-113">
         <name>.text:imperial_march</name>
         <load_address>0xb50a</load_address>
         <run_address>0xb50a</run_address>
         <size>0xe</size>
         <input_file_ref idref="fl-2"/>
      </object_component>
      <object_component id="oc-131">
         <name>.text:strlen</name>
         <load_address>0xb518</load_address>
         <run_address>0xb518</run_address>
         <size>0xe</size>
         <input_file_ref idref="fl-3e"/>
      </object_component>
      <object_component id="oc-114">
         <name>.text:rasberry</name>
         <load_address>0xb526</load_address>
         <run_address>0xb526</run_address>
         <size>0xc</size>
         <input_file_ref idref="fl-2"/>
      </object_component>
      <object_component id="oc-104">
         <name>.text:lcd_clear</name>
         <load_address>0xb532</load_address>
         <run_address>0xb532</run_address>
         <size>0xa</size>
         <input_file_ref idref="fl-9"/>
      </object_component>
      <object_component id="oc-cc">
         <name>.text:ADC10_ISR</name>
         <load_address>0xb53c</load_address>
         <run_address>0xb53c</run_address>
         <size>0x8</size>
         <input_file_ref idref="fl-b"/>
      </object_component>
      <object_component id="oc-f6">
         <name>.text:blink</name>
         <load_address>0xb544</load_address>
         <run_address>0xb544</run_address>
         <size>0x8</size>
         <input_file_ref idref="fl-2"/>
      </object_component>
      <object_component id="oc-ec">
         <name>.text:pthread_yield</name>
         <load_address>0xb54c</load_address>
         <run_address>0xb54c</run_address>
         <size>0x8</size>
         <input_file_ref idref="fl-8"/>
      </object_component>
      <object_component id="oc-cf">
         <name>.text:_system_pre_init</name>
         <load_address>0xb554</load_address>
         <run_address>0xb554</run_address>
         <size>0x4</size>
         <input_file_ref idref="fl-3b"/>
      </object_component>
      <object_component id="oc-d2">
         <name>.text:abort</name>
         <load_address>0xb558</load_address>
         <run_address>0xb558</run_address>
         <size>0x4</size>
         <input_file_ref idref="fl-2c"/>
      </object_component>
      <object_component id="oc-ce">
         <name>.text:_nop</name>
         <load_address>0xb55c</load_address>
         <run_address>0xb55c</run_address>
         <size>0x2</size>
         <input_file_ref idref="fl-3f"/>
      </object_component>
      <object_component id="oc-ad">
         <name>.cinit</name>
         <load_address>0xd436</load_address>
         <run_address>0xd436</run_address>
         <size>0x8</size>
         <input_file_ref idref="fl-3c"/>
      </object_component>
      <object_component id="oc-9a">
         <name>.cinit</name>
         <load_address>0xd43e</load_address>
         <run_address>0xd43e</run_address>
         <size>0x6</size>
         <input_file_ref idref="fl-38"/>
      </object_component>
      <object_component id="oc-111">
         <name>.const:king_snake_image</name>
         <load_address>0xb55e</load_address>
         <run_address>0xb55e</run_address>
         <size>0xf28</size>
         <input_file_ref idref="fl-4"/>
      </object_component>
      <object_component id="oc-107">
         <name>.const:snake1_image</name>
         <load_address>0xc486</load_address>
         <run_address>0xc486</run_address>
         <size>0x682</size>
         <input_file_ref idref="fl-4"/>
      </object_component>
      <object_component id="oc-109">
         <name>.const:snake_text_image</name>
         <load_address>0xcb08</load_address>
         <run_address>0xcb08</run_address>
         <size>0x49e</size>
         <input_file_ref idref="fl-4"/>
      </object_component>
      <object_component id="oc-121">
         <name>.const:cs</name>
         <load_address>0xcfa6</load_address>
         <run_address>0xcfa6</run_address>
         <size>0x1e0</size>
         <input_file_ref idref="fl-9"/>
      </object_component>
      <object_component id="oc-12b">
         <name>.const:imperial_march_notes</name>
         <load_address>0xd186</load_address>
         <run_address>0xd186</run_address>
         <size>0x118</size>
         <input_file_ref idref="fl-2"/>
      </object_component>
      <object_component id="oc-11c">
         <name>.const:.string:dv3</name>
         <load_address>0xd29e</load_address>
         <run_address>0xd29e</run_address>
         <size>0xa2</size>
         <input_file_ref idref="fl-9"/>
      </object_component>
      <object_component id="oc-46">
         <name>.const:.string</name>
         <load_address>0xd340</load_address>
         <run_address>0xd340</run_address>
         <size>0x82</size>
         <input_file_ref idref="fl-5"/>
      </object_component>
      <object_component id="oc-12d">
         <name>.const:dv$3</name>
         <load_address>0xd3c2</load_address>
         <run_address>0xd3c2</run_address>
         <size>0x2c</size>
         <input_file_ref idref="fl-9"/>
      </object_component>
      <object_component id="oc-129">
         <name>.const:Charge</name>
         <load_address>0xd3ee</load_address>
         <run_address>0xd3ee</run_address>
         <size>0x18</size>
         <input_file_ref idref="fl-2"/>
      </object_component>
      <object_component id="oc-12f">
         <name>.const:.string:lHexChar$1</name>
         <load_address>0xd406</load_address>
         <run_address>0xd406</run_address>
         <size>0x11</size>
         <input_file_ref idref="fl-9"/>
      </object_component>
      <object_component id="oc-130">
         <name>.const:.string:uHexChar$2</name>
         <load_address>0xd418</load_address>
         <run_address>0xd418</run_address>
         <size>0x11</size>
         <input_file_ref idref="fl-9"/>
      </object_component>
      <object_component id="oc-11d">
         <name>.const:px_off</name>
         <load_address>0xd42a</load_address>
         <run_address>0xd42a</run_address>
         <size>0x6</size>
         <input_file_ref idref="fl-9"/>
      </object_component>
      <object_component id="oc-11e">
         <name>.const:px_on</name>
         <load_address>0xd430</load_address>
         <run_address>0xd430</run_address>
         <size>0x6</size>
         <input_file_ref idref="fl-9"/>
      </object_component>
      <object_component id="oc-2d">
         <name>.int02</name>
         <load_address>0xffe4</load_address>
         <run_address>0xffe4</run_address>
         <size>0x2</size>
         <input_file_ref idref="fl-3"/>
      </object_component>
      <object_component id="oc-2e">
         <name>.int03</name>
         <load_address>0xffe6</load_address>
         <run_address>0xffe6</run_address>
         <size>0x2</size>
         <input_file_ref idref="fl-2d"/>
      </object_component>
      <object_component id="oc-2f">
         <name>.int05</name>
         <load_address>0xffea</load_address>
         <run_address>0xffea</run_address>
         <size>0x2</size>
         <input_file_ref idref="fl-b"/>
      </object_component>
      <object_component id="oc-30">
         <name>.int06</name>
         <load_address>0xffec</load_address>
         <run_address>0xffec</run_address>
         <size>0x2</size>
         <input_file_ref idref="fl-2e"/>
      </object_component>
      <object_component id="oc-31">
         <name>.int07</name>
         <load_address>0xffee</load_address>
         <run_address>0xffee</run_address>
         <size>0x2</size>
         <input_file_ref idref="fl-2f"/>
      </object_component>
      <object_component id="oc-32">
         <name>.int08</name>
         <load_address>0xfff0</load_address>
         <run_address>0xfff0</run_address>
         <size>0x2</size>
         <input_file_ref idref="fl-7"/>
      </object_component>
      <object_component id="oc-33">
         <name>.int09</name>
         <load_address>0xfff2</load_address>
         <run_address>0xfff2</run_address>
         <size>0x2</size>
         <input_file_ref idref="fl-30"/>
      </object_component>
      <object_component id="oc-34">
         <name>.int10</name>
         <load_address>0xfff4</load_address>
         <run_address>0xfff4</run_address>
         <size>0x2</size>
         <input_file_ref idref="fl-3"/>
      </object_component>
      <object_component id="oc-35">
         <name>.int12</name>
         <load_address>0xfff8</load_address>
         <run_address>0xfff8</run_address>
         <size>0x2</size>
         <input_file_ref idref="fl-31"/>
      </object_component>
      <object_component id="oc-36">
         <name>.int13</name>
         <load_address>0xfffa</load_address>
         <run_address>0xfffa</run_address>
         <size>0x2</size>
         <input_file_ref idref="fl-32"/>
      </object_component>
      <object_component id="oc-37">
         <name>.int14</name>
         <load_address>0xfffc</load_address>
         <run_address>0xfffc</run_address>
         <size>0x2</size>
         <input_file_ref idref="fl-33"/>
      </object_component>
      <object_component id="oc-6a">
         <name>.reset</name>
         <load_address>0xfffe</load_address>
         <run_address>0xfffe</run_address>
         <size>0x2</size>
         <input_file_ref idref="fl-25"/>
      </object_component>
      <object_component id="oc-39">
         <name>.debug_info</name>
         <load_address>0x0</load_address>
         <run_address>0x0</run_address>
         <size>0x958</size>
         <input_file_ref idref="fl-2"/>
      </object_component>
      <object_component id="oc-3e">
         <name>.debug_info</name>
         <load_address>0x958</load_address>
         <run_address>0x958</run_address>
         <size>0x785</size>
         <input_file_ref idref="fl-3"/>
      </object_component>
      <object_component id="oc-42">
         <name>.debug_info</name>
         <load_address>0x10dd</load_address>
         <run_address>0x10dd</run_address>
         <size>0x299</size>
         <input_file_ref idref="fl-4"/>
      </object_component>
      <object_component id="oc-45">
         <name>.debug_info</name>
         <load_address>0x1376</load_address>
         <run_address>0x1376</run_address>
         <size>0x253a</size>
         <input_file_ref idref="fl-5"/>
      </object_component>
      <object_component id="oc-4b">
         <name>.debug_info</name>
         <load_address>0x38b0</load_address>
         <run_address>0x38b0</run_address>
         <size>0xad5</size>
         <input_file_ref idref="fl-6"/>
      </object_component>
      <object_component id="oc-50">
         <name>.debug_info</name>
         <load_address>0x4385</load_address>
         <run_address>0x4385</run_address>
         <size>0xd4</size>
         <input_file_ref idref="fl-7"/>
      </object_component>
      <object_component id="oc-54">
         <name>.debug_info</name>
         <load_address>0x4459</load_address>
         <run_address>0x4459</run_address>
         <size>0xe19</size>
         <input_file_ref idref="fl-8"/>
      </object_component>
      <object_component id="oc-59">
         <name>.debug_info</name>
         <load_address>0x5272</load_address>
         <run_address>0x5272</run_address>
         <size>0x1f53</size>
         <input_file_ref idref="fl-9"/>
      </object_component>
      <object_component id="oc-5e">
         <name>.debug_info</name>
         <load_address>0x71c5</load_address>
         <run_address>0x71c5</run_address>
         <size>0xcb4</size>
         <input_file_ref idref="fl-a"/>
      </object_component>
      <object_component id="oc-63">
         <name>.debug_info</name>
         <load_address>0x7e79</load_address>
         <run_address>0x7e79</run_address>
         <size>0x819</size>
         <input_file_ref idref="fl-b"/>
      </object_component>
      <object_component id="oc-68">
         <name>.debug_info</name>
         <load_address>0x8692</load_address>
         <run_address>0x8692</run_address>
         <size>0x443</size>
         <input_file_ref idref="fl-25"/>
      </object_component>
      <object_component id="oc-6e">
         <name>.debug_info</name>
         <load_address>0x8ad5</load_address>
         <run_address>0x8ad5</run_address>
         <size>0x261</size>
         <input_file_ref idref="fl-26"/>
      </object_component>
      <object_component id="oc-72">
         <name>.debug_info</name>
         <load_address>0x8d36</load_address>
         <run_address>0x8d36</run_address>
         <size>0x212</size>
         <input_file_ref idref="fl-27"/>
      </object_component>
      <object_component id="oc-76">
         <name>.debug_info</name>
         <load_address>0x8f48</load_address>
         <run_address>0x8f48</run_address>
         <size>0x228</size>
         <input_file_ref idref="fl-28"/>
      </object_component>
      <object_component id="oc-7b">
         <name>.debug_info</name>
         <load_address>0x9170</load_address>
         <run_address>0x9170</run_address>
         <size>0xc4</size>
         <input_file_ref idref="fl-29"/>
      </object_component>
      <object_component id="oc-7f">
         <name>.debug_info</name>
         <load_address>0x9234</load_address>
         <run_address>0x9234</run_address>
         <size>0xb7</size>
         <input_file_ref idref="fl-2a"/>
      </object_component>
      <object_component id="oc-82">
         <name>.debug_info</name>
         <load_address>0x92eb</load_address>
         <run_address>0x92eb</run_address>
         <size>0xc0</size>
         <input_file_ref idref="fl-2b"/>
      </object_component>
      <object_component id="oc-85">
         <name>.debug_info</name>
         <load_address>0x93ab</load_address>
         <run_address>0x93ab</run_address>
         <size>0x28e</size>
         <input_file_ref idref="fl-2c"/>
      </object_component>
      <object_component id="oc-8a">
         <name>.debug_info</name>
         <load_address>0x9639</load_address>
         <run_address>0x9639</run_address>
         <size>0xb4</size>
         <input_file_ref idref="fl-34"/>
      </object_component>
      <object_component id="oc-8e">
         <name>.debug_info</name>
         <load_address>0x96ed</load_address>
         <run_address>0x96ed</run_address>
         <size>0xb4</size>
         <input_file_ref idref="fl-35"/>
      </object_component>
      <object_component id="oc-91">
         <name>.debug_info</name>
         <load_address>0x97a1</load_address>
         <run_address>0x97a1</run_address>
         <size>0xb4</size>
         <input_file_ref idref="fl-36"/>
      </object_component>
      <object_component id="oc-94">
         <name>.debug_info</name>
         <load_address>0x9855</load_address>
         <run_address>0x9855</run_address>
         <size>0x2a5</size>
         <input_file_ref idref="fl-37"/>
      </object_component>
      <object_component id="oc-99">
         <name>.debug_info</name>
         <load_address>0x9afa</load_address>
         <run_address>0x9afa</run_address>
         <size>0x56d</size>
         <input_file_ref idref="fl-38"/>
      </object_component>
      <object_component id="oc-9f">
         <name>.debug_info</name>
         <load_address>0xa067</load_address>
         <run_address>0xa067</run_address>
         <size>0x2c4</size>
         <input_file_ref idref="fl-39"/>
      </object_component>
      <object_component id="oc-a4">
         <name>.debug_info</name>
         <load_address>0xa32b</load_address>
         <run_address>0xa32b</run_address>
         <size>0xb7</size>
         <input_file_ref idref="fl-3a"/>
      </object_component>
      <object_component id="oc-a7">
         <name>.debug_info</name>
         <load_address>0xa3e2</load_address>
         <run_address>0xa3e2</run_address>
         <size>0x220</size>
         <input_file_ref idref="fl-3b"/>
      </object_component>
      <object_component id="oc-ac">
         <name>.debug_info</name>
         <load_address>0xa602</load_address>
         <run_address>0xa602</run_address>
         <size>0x263</size>
         <input_file_ref idref="fl-3c"/>
      </object_component>
      <object_component id="oc-b2">
         <name>.debug_info</name>
         <load_address>0xa865</load_address>
         <run_address>0xa865</run_address>
         <size>0xe3</size>
         <input_file_ref idref="fl-3d"/>
      </object_component>
      <object_component id="oc-b5">
         <name>.debug_info</name>
         <load_address>0xa948</load_address>
         <run_address>0xa948</run_address>
         <size>0x293</size>
         <input_file_ref idref="fl-3e"/>
      </object_component>
      <object_component id="oc-ba">
         <name>.debug_info</name>
         <load_address>0xabdb</load_address>
         <run_address>0xabdb</run_address>
         <size>0x23c</size>
         <input_file_ref idref="fl-3f"/>
      </object_component>
      <object_component id="oc-be">
         <name>.debug_info</name>
         <load_address>0xae17</load_address>
         <run_address>0xae17</run_address>
         <size>0x26b</size>
         <input_file_ref idref="fl-40"/>
      </object_component>
      <object_component id="oc-c2">
         <name>.debug_info</name>
         <load_address>0xb082</load_address>
         <run_address>0xb082</run_address>
         <size>0x32c</size>
         <input_file_ref idref="fl-41"/>
      </object_component>
      <object_component id="oc-c7">
         <name>.debug_info</name>
         <load_address>0xb3ae</load_address>
         <run_address>0xb3ae</run_address>
         <size>0xb7</size>
         <input_file_ref idref="fl-42"/>
      </object_component>
      <object_component id="oc-163">
         <name>.debug_info</name>
         <load_address>0xb465</load_address>
         <run_address>0xb465</run_address>
         <size>0x6a</size>
      </object_component>
      <object_component id="oc-3a">
         <name>.debug_frame</name>
         <load_address>0x0</load_address>
         <run_address>0x0</run_address>
         <size>0x12c</size>
         <input_file_ref idref="fl-2"/>
      </object_component>
      <object_component id="oc-3f">
         <name>.debug_frame</name>
         <load_address>0x12c</load_address>
         <run_address>0x12c</run_address>
         <size>0xb4</size>
         <input_file_ref idref="fl-3"/>
      </object_component>
      <object_component id="oc-47">
         <name>.debug_frame</name>
         <load_address>0x1e0</load_address>
         <run_address>0x1e0</run_address>
         <size>0x1ed</size>
         <input_file_ref idref="fl-5"/>
      </object_component>
      <object_component id="oc-4c">
         <name>.debug_frame</name>
         <load_address>0x3cd</load_address>
         <run_address>0x3cd</run_address>
         <size>0x48</size>
         <input_file_ref idref="fl-6"/>
      </object_component>
      <object_component id="oc-55">
         <name>.debug_frame</name>
         <load_address>0x415</load_address>
         <run_address>0x415</run_address>
         <size>0x184</size>
         <input_file_ref idref="fl-8"/>
      </object_component>
      <object_component id="oc-5a">
         <name>.debug_frame</name>
         <load_address>0x599</load_address>
         <run_address>0x599</run_address>
         <size>0x3b4</size>
         <input_file_ref idref="fl-9"/>
      </object_component>
      <object_component id="oc-5f">
         <name>.debug_frame</name>
         <load_address>0x94d</load_address>
         <run_address>0x94d</run_address>
         <size>0x179</size>
         <input_file_ref idref="fl-a"/>
      </object_component>
      <object_component id="oc-64">
         <name>.debug_frame</name>
         <load_address>0xac6</load_address>
         <run_address>0xac6</run_address>
         <size>0xcb</size>
         <input_file_ref idref="fl-b"/>
      </object_component>
      <object_component id="oc-6b">
         <name>.debug_frame</name>
         <load_address>0xb91</load_address>
         <run_address>0xb91</run_address>
         <size>0x42</size>
         <input_file_ref idref="fl-25"/>
      </object_component>
      <object_component id="oc-6f">
         <name>.debug_frame</name>
         <load_address>0xbd3</load_address>
         <run_address>0xbd3</run_address>
         <size>0x32</size>
         <input_file_ref idref="fl-26"/>
      </object_component>
      <object_component id="oc-73">
         <name>.debug_frame</name>
         <load_address>0xc05</load_address>
         <run_address>0xc05</run_address>
         <size>0x32</size>
         <input_file_ref idref="fl-27"/>
      </object_component>
      <object_component id="oc-77">
         <name>.debug_frame</name>
         <load_address>0xc37</load_address>
         <run_address>0xc37</run_address>
         <size>0x32</size>
         <input_file_ref idref="fl-28"/>
      </object_component>
      <object_component id="oc-86">
         <name>.debug_frame</name>
         <load_address>0xc69</load_address>
         <run_address>0xc69</run_address>
         <size>0x47</size>
         <input_file_ref idref="fl-2c"/>
      </object_component>
      <object_component id="oc-95">
         <name>.debug_frame</name>
         <load_address>0xcb0</load_address>
         <run_address>0xcb0</run_address>
         <size>0x47</size>
         <input_file_ref idref="fl-37"/>
      </object_component>
      <object_component id="oc-9c">
         <name>.debug_frame</name>
         <load_address>0xcf7</load_address>
         <run_address>0xcf7</run_address>
         <size>0x85</size>
         <input_file_ref idref="fl-38"/>
      </object_component>
      <object_component id="oc-a0">
         <name>.debug_frame</name>
         <load_address>0xd7c</load_address>
         <run_address>0xd7c</run_address>
         <size>0x47</size>
         <input_file_ref idref="fl-39"/>
      </object_component>
      <object_component id="oc-a8">
         <name>.debug_frame</name>
         <load_address>0xdc3</load_address>
         <run_address>0xdc3</run_address>
         <size>0x47</size>
         <input_file_ref idref="fl-3b"/>
      </object_component>
      <object_component id="oc-ae">
         <name>.debug_frame</name>
         <load_address>0xe0a</load_address>
         <run_address>0xe0a</run_address>
         <size>0x50</size>
         <input_file_ref idref="fl-3c"/>
      </object_component>
      <object_component id="oc-b6">
         <name>.debug_frame</name>
         <load_address>0xe5a</load_address>
         <run_address>0xe5a</run_address>
         <size>0x47</size>
         <input_file_ref idref="fl-3e"/>
      </object_component>
      <object_component id="oc-bb">
         <name>.debug_frame</name>
         <load_address>0xea1</load_address>
         <run_address>0xea1</run_address>
         <size>0x47</size>
         <input_file_ref idref="fl-3f"/>
      </object_component>
      <object_component id="oc-bf">
         <name>.debug_frame</name>
         <load_address>0xee8</load_address>
         <run_address>0xee8</run_address>
         <size>0x32</size>
         <input_file_ref idref="fl-40"/>
      </object_component>
      <object_component id="oc-c3">
         <name>.debug_frame</name>
         <load_address>0xf1a</load_address>
         <run_address>0xf1a</run_address>
         <size>0x51</size>
         <input_file_ref idref="fl-41"/>
      </object_component>
      <object_component id="oc-3b">
         <name>.debug_line</name>
         <load_address>0x0</load_address>
         <run_address>0x0</run_address>
         <size>0x23e</size>
         <input_file_ref idref="fl-2"/>
      </object_component>
      <object_component id="oc-40">
         <name>.debug_line</name>
         <load_address>0x23e</load_address>
         <run_address>0x23e</run_address>
         <size>0xd2</size>
         <input_file_ref idref="fl-3"/>
      </object_component>
      <object_component id="oc-48">
         <name>.debug_line</name>
         <load_address>0x310</load_address>
         <run_address>0x310</run_address>
         <size>0x739</size>
         <input_file_ref idref="fl-5"/>
      </object_component>
      <object_component id="oc-4d">
         <name>.debug_line</name>
         <load_address>0xa49</load_address>
         <run_address>0xa49</run_address>
         <size>0xc7</size>
         <input_file_ref idref="fl-6"/>
      </object_component>
      <object_component id="oc-51">
         <name>.debug_line</name>
         <load_address>0xb10</load_address>
         <run_address>0xb10</run_address>
         <size>0x75</size>
         <input_file_ref idref="fl-7"/>
      </object_component>
      <object_component id="oc-56">
         <name>.debug_line</name>
         <load_address>0xb85</load_address>
         <run_address>0xb85</run_address>
         <size>0x241</size>
         <input_file_ref idref="fl-8"/>
      </object_component>
      <object_component id="oc-5b">
         <name>.debug_line</name>
         <load_address>0xdc6</load_address>
         <run_address>0xdc6</run_address>
         <size>0x8a4</size>
         <input_file_ref idref="fl-9"/>
      </object_component>
      <object_component id="oc-60">
         <name>.debug_line</name>
         <load_address>0x166a</load_address>
         <run_address>0x166a</run_address>
         <size>0x1c7</size>
         <input_file_ref idref="fl-a"/>
      </object_component>
      <object_component id="oc-65">
         <name>.debug_line</name>
         <load_address>0x1831</load_address>
         <run_address>0x1831</run_address>
         <size>0x173</size>
         <input_file_ref idref="fl-b"/>
      </object_component>
      <object_component id="oc-6c">
         <name>.debug_line</name>
         <load_address>0x19a4</load_address>
         <run_address>0x19a4</run_address>
         <size>0x42</size>
         <input_file_ref idref="fl-25"/>
      </object_component>
      <object_component id="oc-70">
         <name>.debug_line</name>
         <load_address>0x19e6</load_address>
         <run_address>0x19e6</run_address>
         <size>0x34</size>
         <input_file_ref idref="fl-26"/>
      </object_component>
      <object_component id="oc-74">
         <name>.debug_line</name>
         <load_address>0x1a1a</load_address>
         <run_address>0x1a1a</run_address>
         <size>0x33</size>
         <input_file_ref idref="fl-27"/>
      </object_component>
      <object_component id="oc-78">
         <name>.debug_line</name>
         <load_address>0x1a4d</load_address>
         <run_address>0x1a4d</run_address>
         <size>0x2e</size>
         <input_file_ref idref="fl-28"/>
      </object_component>
      <object_component id="oc-7c">
         <name>.debug_line</name>
         <load_address>0x1a7b</load_address>
         <run_address>0x1a7b</run_address>
         <size>0x4a</size>
         <input_file_ref idref="fl-29"/>
      </object_component>
      <object_component id="oc-80">
         <name>.debug_line</name>
         <load_address>0x1ac5</load_address>
         <run_address>0x1ac5</run_address>
         <size>0x40</size>
         <input_file_ref idref="fl-2a"/>
      </object_component>
      <object_component id="oc-83">
         <name>.debug_line</name>
         <load_address>0x1b05</load_address>
         <run_address>0x1b05</run_address>
         <size>0x3d</size>
         <input_file_ref idref="fl-2b"/>
      </object_component>
      <object_component id="oc-87">
         <name>.debug_line</name>
         <load_address>0x1b42</load_address>
         <run_address>0x1b42</run_address>
         <size>0x3a</size>
         <input_file_ref idref="fl-2c"/>
      </object_component>
      <object_component id="oc-8b">
         <name>.debug_line</name>
         <load_address>0x1b7c</load_address>
         <run_address>0x1b7c</run_address>
         <size>0x4b</size>
         <input_file_ref idref="fl-34"/>
      </object_component>
      <object_component id="oc-8f">
         <name>.debug_line</name>
         <load_address>0x1bc7</load_address>
         <run_address>0x1bc7</run_address>
         <size>0x5b</size>
         <input_file_ref idref="fl-35"/>
      </object_component>
      <object_component id="oc-92">
         <name>.debug_line</name>
         <load_address>0x1c22</load_address>
         <run_address>0x1c22</run_address>
         <size>0x3f</size>
         <input_file_ref idref="fl-36"/>
      </object_component>
      <object_component id="oc-96">
         <name>.debug_line</name>
         <load_address>0x1c61</load_address>
         <run_address>0x1c61</run_address>
         <size>0x42</size>
         <input_file_ref idref="fl-37"/>
      </object_component>
      <object_component id="oc-9d">
         <name>.debug_line</name>
         <load_address>0x1ca3</load_address>
         <run_address>0x1ca3</run_address>
         <size>0x113</size>
         <input_file_ref idref="fl-38"/>
      </object_component>
      <object_component id="oc-a1">
         <name>.debug_line</name>
         <load_address>0x1db6</load_address>
         <run_address>0x1db6</run_address>
         <size>0x5a</size>
         <input_file_ref idref="fl-39"/>
      </object_component>
      <object_component id="oc-a5">
         <name>.debug_line</name>
         <load_address>0x1e10</load_address>
         <run_address>0x1e10</run_address>
         <size>0x3f</size>
         <input_file_ref idref="fl-3a"/>
      </object_component>
      <object_component id="oc-a9">
         <name>.debug_line</name>
         <load_address>0x1e4f</load_address>
         <run_address>0x1e4f</run_address>
         <size>0x3b</size>
         <input_file_ref idref="fl-3b"/>
      </object_component>
      <object_component id="oc-af">
         <name>.debug_line</name>
         <load_address>0x1e8a</load_address>
         <run_address>0x1e8a</run_address>
         <size>0x3c</size>
         <input_file_ref idref="fl-3c"/>
      </object_component>
      <object_component id="oc-b3">
         <name>.debug_line</name>
         <load_address>0x1ec6</load_address>
         <run_address>0x1ec6</run_address>
         <size>0x62</size>
         <input_file_ref idref="fl-3d"/>
      </object_component>
      <object_component id="oc-b7">
         <name>.debug_line</name>
         <load_address>0x1f28</load_address>
         <run_address>0x1f28</run_address>
         <size>0x5a</size>
         <input_file_ref idref="fl-3e"/>
      </object_component>
      <object_component id="oc-bc">
         <name>.debug_line</name>
         <load_address>0x1f82</load_address>
         <run_address>0x1f82</run_address>
         <size>0x35</size>
         <input_file_ref idref="fl-3f"/>
      </object_component>
      <object_component id="oc-c0">
         <name>.debug_line</name>
         <load_address>0x1fb7</load_address>
         <run_address>0x1fb7</run_address>
         <size>0x29</size>
         <input_file_ref idref="fl-40"/>
      </object_component>
      <object_component id="oc-c4">
         <name>.debug_line</name>
         <load_address>0x1fe0</load_address>
         <run_address>0x1fe0</run_address>
         <size>0x5f</size>
         <input_file_ref idref="fl-41"/>
      </object_component>
      <object_component id="oc-c8">
         <name>.debug_line</name>
         <load_address>0x203f</load_address>
         <run_address>0x203f</run_address>
         <size>0x48</size>
         <input_file_ref idref="fl-42"/>
      </object_component>
      <object_component id="oc-3c">
         <name>.debug_abbrev</name>
         <load_address>0x0</load_address>
         <run_address>0x0</run_address>
         <size>0x172</size>
         <input_file_ref idref="fl-2"/>
      </object_component>
      <object_component id="oc-41">
         <name>.debug_abbrev</name>
         <load_address>0x172</load_address>
         <run_address>0x172</run_address>
         <size>0x149</size>
         <input_file_ref idref="fl-3"/>
      </object_component>
      <object_component id="oc-43">
         <name>.debug_abbrev</name>
         <load_address>0x2bb</load_address>
         <run_address>0x2bb</run_address>
         <size>0x5b</size>
         <input_file_ref idref="fl-4"/>
      </object_component>
      <object_component id="oc-49">
         <name>.debug_abbrev</name>
         <load_address>0x316</load_address>
         <run_address>0x316</run_address>
         <size>0x20b</size>
         <input_file_ref idref="fl-5"/>
      </object_component>
      <object_component id="oc-4e">
         <name>.debug_abbrev</name>
         <load_address>0x521</load_address>
         <run_address>0x521</run_address>
         <size>0x125</size>
         <input_file_ref idref="fl-6"/>
      </object_component>
      <object_component id="oc-52">
         <name>.debug_abbrev</name>
         <load_address>0x646</load_address>
         <run_address>0x646</run_address>
         <size>0x20</size>
         <input_file_ref idref="fl-7"/>
      </object_component>
      <object_component id="oc-57">
         <name>.debug_abbrev</name>
         <load_address>0x666</load_address>
         <run_address>0x666</run_address>
         <size>0x189</size>
         <input_file_ref idref="fl-8"/>
      </object_component>
      <object_component id="oc-5c">
         <name>.debug_abbrev</name>
         <load_address>0x7ef</load_address>
         <run_address>0x7ef</run_address>
         <size>0x23d</size>
         <input_file_ref idref="fl-9"/>
      </object_component>
      <object_component id="oc-61">
         <name>.debug_abbrev</name>
         <load_address>0xa2c</load_address>
         <run_address>0xa2c</run_address>
         <size>0x1b0</size>
         <input_file_ref idref="fl-a"/>
      </object_component>
      <object_component id="oc-66">
         <name>.debug_abbrev</name>
         <load_address>0xbdc</load_address>
         <run_address>0xbdc</run_address>
         <size>0x1a3</size>
         <input_file_ref idref="fl-b"/>
      </object_component>
      <object_component id="oc-6d">
         <name>.debug_abbrev</name>
         <load_address>0xd7f</load_address>
         <run_address>0xd7f</run_address>
         <size>0x113</size>
         <input_file_ref idref="fl-25"/>
      </object_component>
      <object_component id="oc-71">
         <name>.debug_abbrev</name>
         <load_address>0xe92</load_address>
         <run_address>0xe92</run_address>
         <size>0xbc</size>
         <input_file_ref idref="fl-26"/>
      </object_component>
      <object_component id="oc-75">
         <name>.debug_abbrev</name>
         <load_address>0xf4e</load_address>
         <run_address>0xf4e</run_address>
         <size>0xbf</size>
         <input_file_ref idref="fl-27"/>
      </object_component>
      <object_component id="oc-79">
         <name>.debug_abbrev</name>
         <load_address>0x100d</load_address>
         <run_address>0x100d</run_address>
         <size>0x94</size>
         <input_file_ref idref="fl-28"/>
      </object_component>
      <object_component id="oc-7d">
         <name>.debug_abbrev</name>
         <load_address>0x10a1</load_address>
         <run_address>0x10a1</run_address>
         <size>0x43</size>
         <input_file_ref idref="fl-29"/>
      </object_component>
      <object_component id="oc-81">
         <name>.debug_abbrev</name>
         <load_address>0x10e4</load_address>
         <run_address>0x10e4</run_address>
         <size>0x35</size>
         <input_file_ref idref="fl-2a"/>
      </object_component>
      <object_component id="oc-84">
         <name>.debug_abbrev</name>
         <load_address>0x1119</load_address>
         <run_address>0x1119</run_address>
         <size>0x33</size>
         <input_file_ref idref="fl-2b"/>
      </object_component>
      <object_component id="oc-88">
         <name>.debug_abbrev</name>
         <load_address>0x114c</load_address>
         <run_address>0x114c</run_address>
         <size>0xf3</size>
         <input_file_ref idref="fl-2c"/>
      </object_component>
      <object_component id="oc-8c">
         <name>.debug_abbrev</name>
         <load_address>0x123f</load_address>
         <run_address>0x123f</run_address>
         <size>0x35</size>
         <input_file_ref idref="fl-34"/>
      </object_component>
      <object_component id="oc-90">
         <name>.debug_abbrev</name>
         <load_address>0x1274</load_address>
         <run_address>0x1274</run_address>
         <size>0x35</size>
         <input_file_ref idref="fl-35"/>
      </object_component>
      <object_component id="oc-93">
         <name>.debug_abbrev</name>
         <load_address>0x12a9</load_address>
         <run_address>0x12a9</run_address>
         <size>0x35</size>
         <input_file_ref idref="fl-36"/>
      </object_component>
      <object_component id="oc-97">
         <name>.debug_abbrev</name>
         <load_address>0x12de</load_address>
         <run_address>0x12de</run_address>
         <size>0xa2</size>
         <input_file_ref idref="fl-37"/>
      </object_component>
      <object_component id="oc-9e">
         <name>.debug_abbrev</name>
         <load_address>0x1380</load_address>
         <run_address>0x1380</run_address>
         <size>0x1b1</size>
         <input_file_ref idref="fl-38"/>
      </object_component>
      <object_component id="oc-a2">
         <name>.debug_abbrev</name>
         <load_address>0x1531</load_address>
         <run_address>0x1531</run_address>
         <size>0x9d</size>
         <input_file_ref idref="fl-39"/>
      </object_component>
      <object_component id="oc-a6">
         <name>.debug_abbrev</name>
         <load_address>0x15ce</load_address>
         <run_address>0x15ce</run_address>
         <size>0x35</size>
         <input_file_ref idref="fl-3a"/>
      </object_component>
      <object_component id="oc-aa">
         <name>.debug_abbrev</name>
         <load_address>0x1603</load_address>
         <run_address>0x1603</run_address>
         <size>0x5f</size>
         <input_file_ref idref="fl-3b"/>
      </object_component>
      <object_component id="oc-b0">
         <name>.debug_abbrev</name>
         <load_address>0x1662</load_address>
         <run_address>0x1662</run_address>
         <size>0xe7</size>
         <input_file_ref idref="fl-3c"/>
      </object_component>
      <object_component id="oc-b4">
         <name>.debug_abbrev</name>
         <load_address>0x1749</load_address>
         <run_address>0x1749</run_address>
         <size>0x47</size>
         <input_file_ref idref="fl-3d"/>
      </object_component>
      <object_component id="oc-b8">
         <name>.debug_abbrev</name>
         <load_address>0x1790</load_address>
         <run_address>0x1790</run_address>
         <size>0x96</size>
         <input_file_ref idref="fl-3e"/>
      </object_component>
      <object_component id="oc-bd">
         <name>.debug_abbrev</name>
         <load_address>0x1826</load_address>
         <run_address>0x1826</run_address>
         <size>0xa0</size>
         <input_file_ref idref="fl-3f"/>
      </object_component>
      <object_component id="oc-c1">
         <name>.debug_abbrev</name>
         <load_address>0x18c6</load_address>
         <run_address>0x18c6</run_address>
         <size>0xdb</size>
         <input_file_ref idref="fl-40"/>
      </object_component>
      <object_component id="oc-c5">
         <name>.debug_abbrev</name>
         <load_address>0x19a1</load_address>
         <run_address>0x19a1</run_address>
         <size>0x10e</size>
         <input_file_ref idref="fl-41"/>
      </object_component>
      <object_component id="oc-c9">
         <name>.debug_abbrev</name>
         <load_address>0x1aaf</load_address>
         <run_address>0x1aaf</run_address>
         <size>0x35</size>
         <input_file_ref idref="fl-42"/>
      </object_component>
      <object_component id="oc-164">
         <name>.debug_abbrev</name>
         <load_address>0x1ae4</load_address>
         <run_address>0x1ae4</run_address>
         <size>0xd</size>
      </object_component>
   </object_component_list>
   <logical_group_list>
      <logical_group id="lg-2" display="no" color="cyan">
         <name>.bss</name>
         <run_address>0x3d0</run_address>
         <size>0x1b0</size>
         <contents>
            <object_component_ref idref="oc-3d"/>
            <object_component_ref idref="oc-44"/>
            <object_component_ref idref="oc-4a"/>
            <object_component_ref idref="oc-53"/>
            <object_component_ref idref="oc-58"/>
            <object_component_ref idref="oc-5d"/>
            <object_component_ref idref="oc-62"/>
            <object_component_ref idref="oc-67"/>
            <object_component_ref idref="oc-98"/>
            <object_component_ref idref="oc-ab"/>
[...]
      </symbol>
      <symbol id="sm-2a6">
         <name>semaphore_create</name>
         <value>0xb334</value>
         <object_component_ref idref="oc-de"/>
      </symbol>
      <symbol id="sm-2a7">
         <name>pthread_exit</name>
         <value>0xa8de</value>
         <object_component_ref idref="oc-100"/>
      </symbol>
      <symbol id="sm-38c">
         <name>lcd_diamond</name>
         <value>0xa4ee</value>
         <object_component_ref idref="oc-10a"/>
      </symbol>
      <symbol id="sm-38d">
         <name>px_off</name>
         <value>0xd42a</value>
         <object_component_ref idref="oc-11d"/>
      </symbol>
      <symbol id="sm-38e">
         <name>lcd_backlight</name>
         <value>0xb478</value>
         <object_component_ref idref="oc-d5"/>
      </symbol>
      <symbol id="sm-38f">
         <name>lcd_cursor</name>
         <value>0xb120</value>
         <object_component_ref idref="oc-f7"/>
      </symbol>
      <symbol id="sm-390">
         <name>lcd_triangle</name>
         <value>0xa712</value>
         <object_component_ref idref="oc-10d"/>
      </symbol>
      <symbol id="sm-391">
         <name>lcd_putchar</name>
         <value>0x9db2</value>
         <object_component_ref idref="oc-101"/>
      </symbol>
      <symbol id="sm-392">
         <name>lcd_set</name>
         <value>0xb150</value>
         <object_component_ref idref="oc-126"/>
      </symbol>
      <symbol id="sm-393">
         <name>lcd_clear</name>
         <value>0xb532</value>
         <object_component_ref idref="oc-104"/>
      </symbol>
      <symbol id="sm-394">
         <name>lcd_set_x_y</name>
         <value>0xaffa</value>
         <object_component_ref idref="oc-119"/>
      </symbol>
      <symbol id="sm-395">
         <name>lcd_printf</name>
         <value>0xb2ec</value>
         <object_component_ref idref="oc-f8"/>
      </symbol>
      <symbol id="sm-396">
         <name>lcd_WD</name>
         <value>0xa99c</value>
         <object_component_ref idref="oc-122"/>
      </symbol>
      <symbol id="sm-397">
         <name>lcd_WD2</name>
         <value>0xab34</value>
         <object_component_ref idref="oc-123"/>
      </symbol>
      <symbol id="sm-398">
         <name>lcd_point</name>
         <value>0x8880</value>
         <object_component_ref idref="oc-fe"/>
      </symbol>
      <symbol id="sm-399">
         <name>lcd_star</name>
         <value>0xa252</value>
         <object_component_ref idref="oc-10b"/>
      </symbol>
      <symbol id="sm-39a">
         <name>lcd_init</name>
         <value>0x995a</value>
         <object_component_ref idref="oc-d9"/>
      </symbol>
      <symbol id="sm-39b">
         <name>lcd_rectangle</name>
         <value>0xa582</value>
         <object_component_ref idref="oc-124"/>
      </symbol>
      <symbol id="sm-39c">
         <name>cs</name>
         <value>0xcfa6</value>
         <object_component_ref idref="oc-121"/>
      </symbol>
      <symbol id="sm-39d">
         <name>dv3</name>
         <value>0xd29e</value>
         <object_component_ref idref="oc-11c"/>
      </symbol>
      <symbol id="sm-39e">
         <name>lcd_circle</name>
         <value>0x9c58</value>
         <object_component_ref idref="oc-10c"/>
      </symbol>
      <symbol id="sm-39f">
         <name>lcd_wordImage</name>
         <value>0x9fee</value>
         <object_component_ref idref="oc-108"/>
      </symbol>
      <symbol id="sm-3a0">
         <name>lcd_square</name>
         <value>0xb376</value>
         <object_component_ref idref="oc-102"/>
      </symbol>
      <symbol id="sm-3a1">
         <name>px_on</name>
         <value>0xd430</value>
         <object_component_ref idref="oc-11e"/>
      </symbol>
      <symbol id="sm-3e0">
         <name>i2c_out_bit</name>
         <value>0xb408</value>
         <object_component_ref idref="oc-137"/>
      </symbol>
      <symbol id="sm-3e1">
         <name>i2c_out_stop</name>
         <value>0xb0f0</value>
         <object_component_ref idref="oc-134"/>
      </symbol>
      <symbol id="sm-3e2">
         <name>FRAM_mask</name>
         <value>0x555</value>
         <object_component_ref idref="oc-5d"/>
      </symbol>
      <symbol id="sm-3e3">
         <name>i2c_clockhigh</name>
         <value>0xb2a4</value>
         <object_component_ref idref="oc-136"/>
      </symbol>
      <symbol id="sm-3e4">
         <name>i2c_read</name>
         <value>0xa93e</value>
         <object_component_ref idref="oc-128"/>
      </symbol>
      <symbol id="sm-3e5">
         <name>FRAM_adr</name>
         <value>0x552</value>
         <object_component_ref idref="oc-5d"/>
      </symbol>
      <symbol id="sm-3e6">
         <name>i2c_out8bits</name>
         <value>0xac5a</value>
         <object_component_ref idref="oc-133"/>
      </symbol>
      <symbol id="sm-3e7">
         <name>i2c_delay</name>
         <value>0x550</value>
         <object_component_ref idref="oc-5d"/>
      </symbol>
      <symbol id="sm-3e8">
         <name>i2c_write</name>
         <value>0xaf90</value>
         <object_component_ref idref="oc-127"/>
      </symbol>
      <symbol id="sm-3e9">
         <name>i2c_start_address</name>
         <value>0xaa52</value>
         <object_component_ref idref="oc-132"/>
      </symbol>
      <symbol id="sm-3ea">
         <name>i2c_clocklow</name>
         <value>0xb2c8</value>
         <object_component_ref idref="oc-135"/>
      </symbol>
      <symbol id="sm-3eb">
         <name>FRAM_data</name>
         <value>0x554</value>
         <object_component_ref idref="oc-5d"/>
      </symbol>
      <symbol id="sm-3ec">
         <name>i2c_context</name>
         <value>0x53e</value>
         <object_component_ref idref="oc-5d"/>
      </symbol>
      <symbol id="sm-3ed">
         <name>FRAM_init</name>
         <value>0xaf5a</value>
         <object_component_ref idref="oc-10e"/>
      </symbol>
      <symbol id="sm-3ee">
         <name>FRAM_write</name>
         <value>0xadb4</value>
         <object_component_ref idref="oc-112"/>
      </symbol>
      <symbol id="sm-3ef">
         <name>FRAM_read</name>
         <value>0xad72</value>
         <object_component_ref idref="oc-10f"/>
      </symbol>
      <symbol id="sm-429">
         <name>ADC10_ISR</name>
         <value>0xb53c</value>
         <object_component_ref idref="oc-cc"/>
      </symbol>
      <symbol id="sm-42a">
         <name>__TI_ISR_TRAP</name>
         <value>0xb1ac</value>
         <object_component_ref idref="oc-cb"/>
      </symbol>
      <symbol id="sm-42b">
         <name>__TI_int05</name>
         <value>0xffea</value>
         <object_component_ref idref="oc-2f"/>
      </symbol>
      <symbol id="sm-42c">
         <name>ISR_trap</name>
         <value>0xb1ac</value>
         <object_component_ref idref="oc-cb"/>
      </symbol>
      <symbol id="sm-42d">
         <name>RBX430_init</name>
         <value>0xa192</value>
         <object_component_ref idref="oc-d8"/>
      </symbol>
      <symbol id="sm-42e">
         <name>i2c_fSCL</name>
         <value>0x57e</value>
         <object_component_ref idref="oc-62"/>
      </symbol>
      <symbol id="sm-42f">
         <name>ERROR2</name>
         <value>0x9ae0</value>
         <object_component_ref idref="oc-d3"/>
      </symbol>
      <symbol id="sm-440">
         <name>_c_int00_noexit</name>
         <value>0xb258</value>
         <object_component_ref idref="oc-38"/>
      </symbol>
      <symbol id="sm-441">
         <name>_c_int00</name>
         <value>0xb258</value>
         <object_component_ref idref="oc-38"/>
      </symbol>
      <symbol id="sm-442">
         <name>_stack</name>
         <value>0x580</value>
         <object_component_ref idref="oc-69"/>
      </symbol>
      <symbol id="sm-443">
         <name>__TI_dtors_ptr</name>
         <value>0x578</value>
         <object_component_ref idref="oc-67"/>
      </symbol>
      <symbol id="sm-444">
         <name>__TI_cleanup_ptr</name>
         <value>0x576</value>
         <object_component_ref idref="oc-67"/>
      </symbol>
      <symbol id="sm-445">
         <name>_reset_vector</name>
         <value>0xfffe</value>
         <object_component_ref idref="oc-6a"/>
      </symbol>
      <symbol id="sm-466">
         <name>__remi</name>
         <value>0xb1d8</value>
         <object_component_ref idref="oc-7a"/>
      </symbol>
      <symbol id="sm-467">
         <name>__divi</name>
         <value>0xb1d8</value>
         <object_component_ref idref="oc-7a"/>
      </symbol>
      <symbol id="sm-471">
         <name>__remu</name>
         <value>0xb44e</value>
         <object_component_ref idref="oc-7e"/>
      </symbol>
      <symbol id="sm-472">
         <name>__divu</name>
         <value>0xb44e</value>
         <object_component_ref idref="oc-7e"/>
      </symbol>
      <symbol id="sm-47b">
         <name>func_epilog_1</name>
         <value>0xb4f8</value>
         <object_component_ref idref="oc-d7"/>
      </symbol>
      <symbol id="sm-47c">
         <name>func_epilog_2</name>
         <value>0xb4f6</value>
         <object_component_ref idref="oc-d7"/>
      </symbol>
      <symbol id="sm-47d">
         <name>func_epilog_3</name>
         <value>0xb4f4</value>
         <object_component_ref idref="oc-d7"/>
      </symbol>
      <symbol id="sm-47e">
         <name>func_epilog_4</name>
         <value>0xb4f2</value>
         <object_component_ref idref="oc-d7"/>
      </symbol>
      <symbol id="sm-47f">
         <name>func_epilog_5</name>
         <value>0xb4f0</value>
         <object_component_ref idref="oc-d7"/>
      </symbol>
      <symbol id="sm-480">
         <name>func_epilog_6</name>
         <value>0xb4ee</value>
         <object_component_ref idref="oc-d7"/>
      </symbol>
      <symbol id="sm-481">
         <name>func_epilog_7</name>
         <value>0xb4ec</value>
         <object_component_ref idref="oc-d7"/>
      </symbol>
      <symbol id="sm-48c">
         <name>C$$EXIT</name>
         <value>0xb558</value>
         <object_component_ref idref="oc-d2"/>
      </symbol>
      <symbol id="sm-48d">
         <name>abort</name>
         <value>0xb558</value>
         <object_component_ref idref="oc-d2"/>
      </symbol>
      <symbol id="sm-48e">
         <name>__TI_exit</name>
         <value>0x1</value>
      </symbol>
      <symbol id="sm-492">
         <name>__TI_int03</name>
         <value>0xffe6</value>
         <object_component_ref idref="oc-2e"/>
      </symbol>
      <symbol id="sm-496">
         <name>__TI_int06</name>
         <value>0xffec</value>
         <object_component_ref idref="oc-30"/>
      </symbol>
      <symbol id="sm-49a">
         <name>__TI_int07</name>
         <value>0xffee</value>
         <object_component_ref idref="oc-31"/>
      </symbol>
      <symbol id="sm-49e">
         <name>__TI_int09</name>
         <value>0xfff2</value>
         <object_component_ref idref="oc-33"/>
      </symbol>
      <symbol id="sm-4a2">
         <name>__TI_int12</name>
         <value>0xfff8</value>
         <object_component_ref idref="oc-35"/>
      </symbol>
      <symbol id="sm-4a6">
         <name>__TI_int13</name>
         <value>0xfffa</value>
         <object_component_ref idref="oc-36"/>
      </symbol>
      <symbol id="sm-4aa">
         <name>__TI_int14</name>
         <value>0xfffc</value>
         <object_component_ref idref="oc-37"/>
      </symbol>
      <symbol id="sm-4b2">
         <name>I_LSL</name>
         <value>0xb204</value>
         <object_component_ref idref="oc-89"/>
      </symbol>
      <symbol id="sm-4b3">
         <name>I_LSL_3</name>
         <value>0xb228</value>
         <object_component_ref idref="oc-89"/>
      </symbol>
      <symbol id="sm-4b4">
         <name>I_LSL_2</name>
         <value>0xb22a</value>
         <object_component_ref idref="oc-89"/>
      </symbol>
      <symbol id="sm-4b5">
         <name>I_LSL_1</name>
         <value>0xb22c</value>
         <object_component_ref idref="oc-89"/>
      </symbol>
      <symbol id="sm-4b6">
         <name>I_LSL_7</name>
         <value>0xb220</value>
         <object_component_ref idref="oc-89"/>
      </symbol>
      <symbol id="sm-4b7">
         <name>I_LSL_6</name>
         <value>0xb222</value>
         <object_component_ref idref="oc-89"/>
      </symbol>
      <symbol id="sm-4b8">
         <name>I_LSL_5</name>
         <value>0xb224</value>
         <object_component_ref idref="oc-89"/>
      </symbol>
      <symbol id="sm-4b9">
         <name>I_LSL_4</name>
         <value>0xb226</value>
         <object_component_ref idref="oc-89"/>
      </symbol>
      <symbol id="sm-4ba">
         <name>I_LSL_9</name>
         <value>0xb21c</value>
         <object_component_ref idref="oc-89"/>
      </symbol>
      <symbol id="sm-4bb">
         <name>I_LSL_8</name>
         <value>0xb21e</value>
         <object_component_ref idref="oc-89"/>
      </symbol>
      <symbol id="sm-4bc">
         <name>I_LSL_12</name>
         <value>0xb216</value>
         <object_component_ref idref="oc-89"/>
      </symbol>
      <symbol id="sm-4bd">
         <name>I_LSL_13</name>
         <value>0xb214</value>
         <object_component_ref idref="oc-89"/>
      </symbol>
      <symbol id="sm-4be">
         <name>I_LSL_10</name>
         <value>0xb21a</value>
         <object_component_ref idref="oc-89"/>
      </symbol>
      <symbol id="sm-4bf">
         <name>I_LSL_11</name>
         <value>0xb218</value>
         <object_component_ref idref="oc-89"/>
      </symbol>
      <symbol id="sm-4c0">
         <name>I_LSL_14</name>
         <value>0xb212</value>
         <object_component_ref idref="oc-89"/>
      </symbol>
      <symbol id="sm-4c1">
         <name>I_LSL_15</name>
         <value>0xb210</value>
         <object_component_ref idref="oc-89"/>
      </symbol>
      <symbol id="sm-4c9">
         <name>I_LSR</name>
         <value>0xaa9e</value>
         <object_component_ref idref="oc-8d"/>
      </symbol>
      <symbol id="sm-4ca">
         <name>I_LSR_12</name>
         <value>0xaab8</value>
         <object_component_ref idref="oc-8d"/>
      </symbol>
      <symbol id="sm-4cb">
         <name>I_LSR_13</name>
         <value>0xaab4</value>
         <object_component_ref idref="oc-8d"/>
      </symbol>
      <symbol id="sm-4cc">
         <name>I_LSR_10</name>
         <value>0xaac0</value>
         <object_component_ref idref="oc-8d"/>
      </symbol>
      <symbol id="sm-4cd">
         <name>I_LSR_11</name>
         <value>0xaabc</value>
         <object_component_ref idref="oc-8d"/>
      </symbol>
      <symbol id="sm-4ce">
         <name>I_LSR_14</name>
         <value>0xaab0</value>
         <object_component_ref idref="oc-8d"/>
      </symbol>
      <symbol id="sm-4cf">
         <name>I_LSR_15</name>
         <value>0xaaac</value>
         <object_component_ref idref="oc-8d"/>
      </symbol>
      <symbol id="sm-4d0">
         <name>I_LSR_3</name>
         <value>0xaadc</value>
         <object_component_ref idref="oc-8d"/>
      </symbol>
      <symbol id="sm-4d1">
         <name>I_LSR_2</name>
         <value>0xaae0</value>
         <object_component_ref idref="oc-8d"/>
      </symbol>
      <symbol id="sm-4d2">
         <name>I_LSR_1</name>
         <value>0xaae4</value>
         <object_component_ref idref="oc-8d"/>
      </symbol>
      <symbol id="sm-4d3">
         <name>I_LSR_7</name>
         <value>0xaacc</value>
         <object_component_ref idref="oc-8d"/>
      </symbol>
      <symbol id="sm-4d4">
         <name>I_LSR_6</name>
         <value>0xaad0</value>
         <object_component_ref idref="oc-8d"/>
      </symbol>
      <symbol id="sm-4d5">
         <name>I_LSR_5</name>
         <value>0xaad4</value>
         <object_component_ref idref="oc-8d"/>
      </symbol>
      <symbol id="sm-4d6">
         <name>I_LSR_4</name>
         <value>0xaad8</value>
         <object_component_ref idref="oc-8d"/>
      </symbol>
      <symbol id="sm-4d7">
         <name>I_LSR_9</name>
         <value>0xaac4</value>
         <object_component_ref idref="oc-8d"/>
      </symbol>
      <symbol id="sm-4d8">
         <name>I_LSR_8</name>
         <value>0xaac8</value>
         <object_component_ref idref="oc-8d"/>
      </symbol>
      <symbol id="sm-4e2">
         <name>L_LSR</name>
         <value>0xb4c8</value>
         <object_component_ref idref="oc-12e"/>
      </symbol>
      <symbol id="sm-4ee">
         <name>memcpy</name>
         <value>0xb4da</value>
         <object_component_ref idref="oc-d6"/>
      </symbol>
      <symbol id="sm-51f">
         <name>_sys_memory</name>
         <value>0x200</value>
         <object_component_ref idref="oc-9b"/>
      </symbol>
      <symbol id="sm-520">
         <name>free</name>
         <value>0xa692</value>
         <object_component_ref idref="oc-105"/>
      </symbol>
      <symbol id="sm-521">
         <name>malloc</name>
         <value>0xa2fa</value>
         <object_component_ref idref="oc-ff"/>
      </symbol>
      <symbol id="sm-522">
         <name>minit</name>
         <value>0xaeea</value>
         <object_component_ref idref="oc-120"/>
      </symbol>
      <symbol id="sm-52e">
         <name>memset</name>
         <value>0xb48c</value>
         <object_component_ref idref="oc-f0"/>
      </symbol>
      <symbol id="sm-538">
         <name>__mpyi</name>
         <value>0xb4a0</value>
         <object_component_ref idref="oc-a3"/>
      </symbol>
      <symbol id="sm-542">
         <name>_system_pre_init</name>
         <value>0xb554</value>
         <object_component_ref idref="oc-cf"/>
      </symbol>
      <symbol id="sm-551">
         <name>rand</name>
         <value>0xaf22</value>
         <object_component_ref idref="oc-fb"/>
      </symbol>
      <symbol id="sm-55a">
         <name>_setjmp</name>
         <value>0xa9fa</value>
         <object_component_ref idref="oc-b1"/>
      </symbol>
      <symbol id="sm-55b">
         <name>setjmp</name>
         <value>0xa9fa</value>
         <object_component_ref idref="oc-b1"/>
      </symbol>
      <symbol id="sm-55c">
         <name>longjmp</name>
         <value>0xaa26</value>
         <object_component_ref idref="oc-b1"/>
      </symbol>
      <symbol id="sm-567">
         <name>strlen</name>
         <value>0xb518</value>
         <object_component_ref idref="oc-131"/>
      </symbol>
      <symbol id="sm-573">
         <name>_nop</name>
         <value>0xb55c</value>
         <object_component_ref idref="oc-ce"/>
      </symbol>
      <symbol id="sm-574">
         <name>_lock</name>
         <value>0x572</value>
         <object_component_ref idref="oc-b9"/>
      </symbol>
      <symbol id="sm-575">
         <name>_unlock</name>
         <value>0x574</value>
         <object_component_ref idref="oc-b9"/>
      </symbol>
      <symbol id="sm-57d">
         <name>__TI_args_main</name>
         <value>0x1</value>
      </symbol>
      <symbol id="sm-58d">
         <name>_auto_init</name>
         <value>0xac12</value>
         <object_component_ref idref="oc-d0"/>
      </symbol>
      <symbol id="sm-58e">
         <name>__TI_auto_init</name>
         <value>0x1</value>
      </symbol>
      <symbol id="sm-598">
         <name>__mpyl</name>
         <value>0xb27e</value>
         <object_component_ref idref="oc-c6"/>
      </symbol>
   </symbol_table>
   <title>Link successful</title>
</link_info>
